[0.082s] DEBUG:colcon:Command line arguments: ['/usr/bin/colcon', 'build', '--packages-up-to', 'piper_description', '--symlink-install']
[0.082s] DEBUG:colcon:Parsed command line arguments: Namespace(log_base=None, log_level=None, verb_name='build', build_base='build', install_base='install', merge_install=False, symlink_install=True, test_result_base=None, continue_on_error=False, executor='parallel', parallel_workers=24, event_handlers=None, ignore_user_meta=False, metas=['./colcon.meta'], base_paths=['.'], packages_ignore=None, packages_ignore_regex=None, paths=None, packages_up_to=['piper_description'], packages_up_to_regex=None, packages_above=None, packages_above_and_dependencies=None, packages_above_depth=None, packages_select_by_dep=None, packages_skip_by_dep=None, packages_skip_up_to=None, packages_select_build_failed=False, packages_skip_build_finished=False, packages_select_test_failures=False, packages_skip_test_passed=False, packages_select=None, packages_skip=None, packages_select_regex=None, packages_skip_regex=None, packages_start=None, packages_end=None, allow_overriding=[], cmake_args=None, cmake_target=None, cmake_target_skip_unavailable=False, cmake_clean_cache=False, cmake_clean_first=False, cmake_force_configure=False, ament_cmake_args=None, catkin_cmake_args=None, catkin_skip_building_tests=False, mixin_files=None, mixin=None, verb_parser=<colcon_mixin.mixin.mixin_argument.MixinArgumentDecorator object at 0x725102d1cfe0>, verb_extension=<colcon_core.verb.build.BuildVerb object at 0x725102e9ef30>, main=<bound method BuildVerb.main of <colcon_core.verb.build.BuildVerb object at 0x725102e9ef30>>, mixin_verb=('build',))
[0.124s] Level 1:colcon.colcon_core.package_discovery:discover_packages(colcon_meta) check parameters
[0.124s] Level 1:colcon.colcon_core.package_discovery:discover_packages(recursive) check parameters
[0.124s] Level 1:colcon.colcon_core.package_discovery:discover_packages(ignore) check parameters
[0.124s] Level 1:colcon.colcon_core.package_discovery:discover_packages(path) check parameters
[0.124s] Level 1:colcon.colcon_core.package_discovery:discover_packages(colcon_meta) discover
[0.124s] Level 1:colcon.colcon_core.package_discovery:discover_packages(recursive) discover
[0.124s] INFO:colcon.colcon_core.package_discovery:Crawling recursively for packages in '/home/shiman-liang/ros2_ws/src/robot_descriptions/manipulator/AgileX/piper_description'
[0.124s] Level 1:colcon.colcon_core.package_identification:_identify(.) by extensions ['ignore', 'ignore_ament_install']
[0.124s] Level 1:colcon.colcon_core.package_identification:_identify(.) by extension 'ignore'
[0.124s] Level 1:colcon.colcon_core.package_identification:_identify(.) by extension 'ignore_ament_install'
[0.124s] Level 1:colcon.colcon_core.package_identification:_identify(.) by extensions ['colcon_pkg']
[0.124s] Level 1:colcon.colcon_core.package_identification:_identify(.) by extension 'colcon_pkg'
[0.124s] Level 1:colcon.colcon_core.package_identification:_identify(.) by extensions ['colcon_meta']
[0.124s] Level 1:colcon.colcon_core.package_identification:_identify(.) by extension 'colcon_meta'
[0.124s] Level 1:colcon.colcon_core.package_identification:_identify(.) by extensions ['ros']
[0.124s] Level 1:colcon.colcon_core.package_identification:_identify(.) by extension 'ros'
[0.141s] DEBUG:colcon.colcon_core.package_identification:Package '.' with type 'ros.ament_cmake' and name 'piper_description'
[0.141s] Level 1:colcon.colcon_core.package_discovery:discover_packages(recursive) using defaults
[0.141s] Level 1:colcon.colcon_core.package_discovery:discover_packages(ignore) discover
[0.141s] Level 1:colcon.colcon_core.package_discovery:discover_packages(ignore) using defaults
[0.141s] Level 1:colcon.colcon_core.package_discovery:discover_packages(path) discover
[0.141s] Level 1:colcon.colcon_core.package_discovery:discover_packages(path) using defaults
[0.151s] Level 1:colcon.colcon_core.package_discovery:discover_packages(prefix_path) check parameters
[0.151s] Level 1:colcon.colcon_core.package_discovery:discover_packages(prefix_path) discover
[0.153s] DEBUG:colcon.colcon_installed_package_information.package_discovery:Found 51 installed packages in /home/shiman-liang/ros2_ws/install
[0.154s] DEBUG:colcon.colcon_installed_package_information.package_discovery:Found 481 installed packages in /opt/ros/jazzy
[0.155s] Level 1:colcon.colcon_core.package_discovery:discover_packages(prefix_path) using defaults
[0.194s] Level 5:colcon.colcon_core.verb:set package 'piper_description' build argument 'cmake_args' from command line to 'None'
[0.194s] Level 5:colcon.colcon_core.verb:set package 'piper_description' build argument 'cmake_target' from command line to 'None'
[0.194s] Level 5:colcon.colcon_core.verb:set package 'piper_description' build argument 'cmake_target_skip_unavailable' from command line to 'False'
[0.194s] Level 5:colcon.colcon_core.verb:set package 'piper_description' build argument 'cmake_clean_cache' from command line to 'False'
[0.194s] Level 5:colcon.colcon_core.verb:set package 'piper_description' build argument 'cmake_clean_first' from command line to 'False'
[0.194s] Level 5:colcon.colcon_core.verb:set package 'piper_description' build argument 'cmake_force_configure' from command line to 'False'
[0.194s] Level 5:colcon.colcon_core.verb:set package 'piper_description' build argument 'ament_cmake_args' from command line to 'None'
[0.194s] Level 5:colcon.colcon_core.verb:set package 'piper_description' build argument 'catkin_cmake_args' from command line to 'None'
[0.194s] Level 5:colcon.colcon_core.verb:set package 'piper_description' build argument 'catkin_skip_building_tests' from command line to 'False'
[0.194s] DEBUG:colcon.colcon_core.verb:Building package 'piper_description' with the following arguments: {'ament_cmake_args': None, 'build_base': '/home/shiman-liang/ros2_ws/src/robot_descriptions/manipulator/AgileX/piper_description/build/piper_description', 'catkin_cmake_args': None, 'catkin_skip_building_tests': False, 'cmake_args': None, 'cmake_clean_cache': False, 'cmake_clean_first': False, 'cmake_force_configure': False, 'cmake_target': None, 'cmake_target_skip_unavailable': False, 'install_base': '/home/shiman-liang/ros2_ws/src/robot_descriptions/manipulator/AgileX/piper_description/install/piper_description', 'merge_install': False, 'path': '/home/shiman-liang/ros2_ws/src/robot_descriptions/manipulator/AgileX/piper_description', 'symlink_install': True, 'test_result_base': None}
[0.194s] INFO:colcon.colcon_core.executor:Executing jobs using 'parallel' executor
[0.195s] DEBUG:colcon.colcon_parallel_executor.executor.parallel:run_until_complete
[0.195s] INFO:colcon.colcon_ros.task.ament_cmake.build:Building ROS package in '/home/shiman-liang/ros2_ws/src/robot_descriptions/manipulator/AgileX/piper_description' with build type 'ament_cmake'
[0.195s] INFO:colcon.colcon_cmake.task.cmake.build:Building CMake package in '/home/shiman-liang/ros2_ws/src/robot_descriptions/manipulator/AgileX/piper_description'
[0.196s] INFO:colcon.colcon_core.plugin_system:Skipping extension 'colcon_core.shell.bat': Not used on non-Windows systems
[0.196s] INFO:colcon.colcon_core.shell:Skip shell extension 'powershell' for command environment: Not usable outside of PowerShell
[0.196s] DEBUG:colcon.colcon_core.shell:Skip shell extension 'dsv' for command environment
[0.203s] DEBUG:colcon.colcon_core.event_handler.log_command:Invoking command in '/home/shiman-liang/ros2_ws/src/robot_descriptions/manipulator/AgileX/piper_description/build/piper_description': CMAKE_PREFIX_PATH=${CMAKE_PREFIX_PATH}:/home/shiman-liang/ros2_ws/install/robot_common_launch:/home/shiman-liang/ros2_ws/install/gripper_hardware_common:/opt/ros/jazzy DEBUGINFOD_URLS=https://debuginfod.ubuntu.com /usr/bin/cmake /home/shiman-liang/ros2_ws/src/robot_descriptions/manipulator/AgileX/piper_description -DAMENT_CMAKE_SYMLINK_INSTALL=1 -DCMAKE_INSTALL_PREFIX=/home/shiman-liang/ros2_ws/src/robot_descriptions/manipulator/AgileX/piper_description/install/piper_description
[1.223s] DEBUG:colcon.colcon_core.event_handler.log_command:Invoked command in '/home/shiman-liang/ros2_ws/src/robot_descriptions/manipulator/AgileX/piper_description/build/piper_description' returned '0': CMAKE_PREFIX_PATH=${CMAKE_PREFIX_PATH}:/home/shiman-liang/ros2_ws/install/robot_common_launch:/home/shiman-liang/ros2_ws/install/gripper_hardware_common:/opt/ros/jazzy DEBUGINFOD_URLS=https://debuginfod.ubuntu.com /usr/bin/cmake /home/shiman-liang/ros2_ws/src/robot_descriptions/manipulator/AgileX/piper_description -DAMENT_CMAKE_SYMLINK_INSTALL=1 -DCMAKE_INSTALL_PREFIX=/home/shiman-liang/ros2_ws/src/robot_descriptions/manipulator/AgileX/piper_description/install/piper_description
[1.224s] DEBUG:colcon.colcon_core.event_handler.log_command:Invoking command in '/home/shiman-liang/ros2_ws/src/robot_descriptions/manipulator/AgileX/piper_description/build/piper_description': CMAKE_PREFIX_PATH=${CMAKE_PREFIX_PATH}:/home/shiman-liang/ros2_ws/install/robot_common_launch:/home/shiman-liang/ros2_ws/install/gripper_hardware_common:/opt/ros/jazzy DEBUGINFOD_URLS=https://debuginfod.ubuntu.com /usr/bin/cmake --build /home/shiman-liang/ros2_ws/src/robot_descriptions/manipulator/AgileX/piper_description/build/piper_description -- -j24 -l24
[1.284s] DEBUG:colcon.colcon_core.event_handler.log_command:Invoked command in '/home/shiman-liang/ros2_ws/src/robot_descriptions/manipulator/AgileX/piper_description/build/piper_description' returned '0': CMAKE_PREFIX_PATH=${CMAKE_PREFIX_PATH}:/home/shiman-liang/ros2_ws/install/robot_common_launch:/home/shiman-liang/ros2_ws/install/gripper_hardware_common:/opt/ros/jazzy DEBUGINFOD_URLS=https://debuginfod.ubuntu.com /usr/bin/cmake --build /home/shiman-liang/ros2_ws/src/robot_descriptions/manipulator/AgileX/piper_description/build/piper_description -- -j24 -l24
[1.296s] DEBUG:colcon.colcon_core.event_handler.log_command:Invoking command in '/home/shiman-liang/ros2_ws/src/robot_descriptions/manipulator/AgileX/piper_description/build/piper_description': CMAKE_PREFIX_PATH=${CMAKE_PREFIX_PATH}:/home/shiman-liang/ros2_ws/install/robot_common_launch:/home/shiman-liang/ros2_ws/install/gripper_hardware_common:/opt/ros/jazzy DEBUGINFOD_URLS=https://debuginfod.ubuntu.com /usr/bin/cmake --install /home/shiman-liang/ros2_ws/src/robot_descriptions/manipulator/AgileX/piper_description/build/piper_description
[1.978s] Level 1:colcon.colcon_core.environment:create_environment_scripts_only(piper_description)
[1.979s] DEBUG:colcon.colcon_core.event_handler.log_command:Invoked command in '/home/shiman-liang/ros2_ws/src/robot_descriptions/manipulator/AgileX/piper_description/build/piper_description' returned '0': CMAKE_PREFIX_PATH=${CMAKE_PREFIX_PATH}:/home/shiman-liang/ros2_ws/install/robot_common_launch:/home/shiman-liang/ros2_ws/install/gripper_hardware_common:/opt/ros/jazzy DEBUGINFOD_URLS=https://debuginfod.ubuntu.com /usr/bin/cmake --install /home/shiman-liang/ros2_ws/src/robot_descriptions/manipulator/AgileX/piper_description/build/piper_description
[1.980s] Level 1:colcon.colcon_core.environment:checking '/home/shiman-liang/ros2_ws/src/robot_descriptions/manipulator/AgileX/piper_description/install/piper_description' for CMake module files
[1.981s] Level 1:colcon.colcon_core.environment:checking '/home/shiman-liang/ros2_ws/src/robot_descriptions/manipulator/AgileX/piper_description/install/piper_description' for CMake config files
[1.981s] Level 1:colcon.colcon_core.shell:create_environment_hook('piper_description', 'cmake_prefix_path')
[1.981s] INFO:colcon.colcon_core.shell:Creating environment hook '/home/shiman-liang/ros2_ws/src/robot_descriptions/manipulator/AgileX/piper_description/install/piper_description/share/piper_description/hook/cmake_prefix_path.ps1'
[1.981s] INFO:colcon.colcon_core.shell:Creating environment descriptor '/home/shiman-liang/ros2_ws/src/robot_descriptions/manipulator/AgileX/piper_description/install/piper_description/share/piper_description/hook/cmake_prefix_path.dsv'
[1.981s] INFO:colcon.colcon_core.shell:Creating environment hook '/home/shiman-liang/ros2_ws/src/robot_descriptions/manipulator/AgileX/piper_description/install/piper_description/share/piper_description/hook/cmake_prefix_path.sh'
[1.982s] Level 1:colcon.colcon_core.environment:checking '/home/shiman-liang/ros2_ws/src/robot_descriptions/manipulator/AgileX/piper_description/install/piper_description/bin'
[1.982s] Level 1:colcon.colcon_core.environment:checking '/home/shiman-liang/ros2_ws/src/robot_descriptions/manipulator/AgileX/piper_description/install/piper_description/lib/pkgconfig/piper_description.pc'
[1.982s] Level 1:colcon.colcon_core.environment:checking '/home/shiman-liang/ros2_ws/src/robot_descriptions/manipulator/AgileX/piper_description/install/piper_description/lib/python3.12/site-packages'
[1.982s] Level 1:colcon.colcon_core.environment:checking '/home/shiman-liang/ros2_ws/src/robot_descriptions/manipulator/AgileX/piper_description/install/piper_description/bin'
[1.982s] INFO:colcon.colcon_core.shell:Creating package script '/home/shiman-liang/ros2_ws/src/robot_descriptions/manipulator/AgileX/piper_description/install/piper_description/share/piper_description/package.ps1'
[1.983s] INFO:colcon.colcon_core.shell:Creating package descriptor '/home/shiman-liang/ros2_ws/src/robot_descriptions/manipulator/AgileX/piper_description/install/piper_description/share/piper_description/package.dsv'
[1.983s] INFO:colcon.colcon_core.shell:Creating package script '/home/shiman-liang/ros2_ws/src/robot_descriptions/manipulator/AgileX/piper_description/install/piper_description/share/piper_description/package.sh'
[1.983s] INFO:colcon.colcon_core.shell:Creating package script '/home/shiman-liang/ros2_ws/src/robot_descriptions/manipulator/AgileX/piper_description/install/piper_description/share/piper_description/package.bash'
[1.984s] INFO:colcon.colcon_core.shell:Creating package script '/home/shiman-liang/ros2_ws/src/robot_descriptions/manipulator/AgileX/piper_description/install/piper_description/share/piper_description/package.zsh'
[1.984s] Level 1:colcon.colcon_core.environment:create_file_with_runtime_dependencies(/home/shiman-liang/ros2_ws/src/robot_descriptions/manipulator/AgileX/piper_description/install/piper_description/share/colcon-core/packages/piper_description)
[1.984s] Level 1:colcon.colcon_core.environment:create_environment_scripts_only(piper_description)
[1.984s] Level 1:colcon.colcon_core.environment:checking '/home/shiman-liang/ros2_ws/src/robot_descriptions/manipulator/AgileX/piper_description/install/piper_description' for CMake module files
[1.984s] Level 1:colcon.colcon_core.environment:checking '/home/shiman-liang/ros2_ws/src/robot_descriptions/manipulator/AgileX/piper_description/install/piper_description' for CMake config files
[1.985s] Level 1:colcon.colcon_core.shell:create_environment_hook('piper_description', 'cmake_prefix_path')
[1.985s] INFO:colcon.colcon_core.shell:Creating environment hook '/home/shiman-liang/ros2_ws/src/robot_descriptions/manipulator/AgileX/piper_description/install/piper_description/share/piper_description/hook/cmake_prefix_path.ps1'
[1.985s] INFO:colcon.colcon_core.shell:Creating environment descriptor '/home/shiman-liang/ros2_ws/src/robot_descriptions/manipulator/AgileX/piper_description/install/piper_description/share/piper_description/hook/cmake_prefix_path.dsv'
[1.985s] INFO:colcon.colcon_core.shell:Creating environment hook '/home/shiman-liang/ros2_ws/src/robot_descriptions/manipulator/AgileX/piper_description/install/piper_description/share/piper_description/hook/cmake_prefix_path.sh'
[1.985s] Level 1:colcon.colcon_core.environment:checking '/home/shiman-liang/ros2_ws/src/robot_descriptions/manipulator/AgileX/piper_description/install/piper_description/bin'
[1.985s] Level 1:colcon.colcon_core.environment:checking '/home/shiman-liang/ros2_ws/src/robot_descriptions/manipulator/AgileX/piper_description/install/piper_description/lib/pkgconfig/piper_description.pc'
[1.985s] Level 1:colcon.colcon_core.environment:checking '/home/shiman-liang/ros2_ws/src/robot_descriptions/manipulator/AgileX/piper_description/install/piper_description/lib/python3.12/site-packages'
[1.986s] Level 1:colcon.colcon_core.environment:checking '/home/shiman-liang/ros2_ws/src/robot_descriptions/manipulator/AgileX/piper_description/install/piper_description/bin'
[1.986s] INFO:colcon.colcon_core.shell:Creating package script '/home/shiman-liang/ros2_ws/src/robot_descriptions/manipulator/AgileX/piper_description/install/piper_description/share/piper_description/package.ps1'
[1.986s] INFO:colcon.colcon_core.shell:Creating package descriptor '/home/shiman-liang/ros2_ws/src/robot_descriptions/manipulator/AgileX/piper_description/install/piper_description/share/piper_description/package.dsv'
[1.986s] INFO:colcon.colcon_core.shell:Creating package script '/home/shiman-liang/ros2_ws/src/robot_descriptions/manipulator/AgileX/piper_description/install/piper_description/share/piper_description/package.sh'
[1.986s] INFO:colcon.colcon_core.shell:Creating package script '/home/shiman-liang/ros2_ws/src/robot_descriptions/manipulator/AgileX/piper_description/install/piper_description/share/piper_description/package.bash'
[1.987s] INFO:colcon.colcon_core.shell:Creating package script '/home/shiman-liang/ros2_ws/src/robot_descriptions/manipulator/AgileX/piper_description/install/piper_description/share/piper_description/package.zsh'
[1.987s] Level 1:colcon.colcon_core.environment:create_file_with_runtime_dependencies(/home/shiman-liang/ros2_ws/src/robot_descriptions/manipulator/AgileX/piper_description/install/piper_description/share/colcon-core/packages/piper_description)
[1.987s] DEBUG:colcon.colcon_parallel_executor.executor.parallel:closing loop
[1.987s] DEBUG:colcon.colcon_parallel_executor.executor.parallel:loop closed
[1.987s] DEBUG:colcon.colcon_parallel_executor.executor.parallel:run_until_complete finished with '0'
[1.987s] DEBUG:colcon.colcon_core.event_reactor:joining thread
[1.990s] INFO:colcon.colcon_core.plugin_system:Skipping extension 'colcon_notification.desktop_notification.terminal_notifier': Not used on non-Darwin systems
[1.990s] INFO:colcon.colcon_core.plugin_system:Skipping extension 'colcon_notification.desktop_notification.win32': Not used on non-Windows systems
[1.990s] INFO:colcon.colcon_notification.desktop_notification:Sending desktop notification using 'notify2'
[2.001s] DEBUG:colcon.colcon_core.event_reactor:joined thread
[2.001s] INFO:colcon.colcon_core.shell:Creating prefix script '/home/shiman-liang/ros2_ws/src/robot_descriptions/manipulator/AgileX/piper_description/install/local_setup.ps1'
[2.001s] INFO:colcon.colcon_core.shell:Creating prefix util module '/home/shiman-liang/ros2_ws/src/robot_descriptions/manipulator/AgileX/piper_description/install/_local_setup_util_ps1.py'
[2.002s] INFO:colcon.colcon_core.shell:Creating prefix chain script '/home/shiman-liang/ros2_ws/src/robot_descriptions/manipulator/AgileX/piper_description/install/setup.ps1'
[2.004s] INFO:colcon.colcon_core.shell:Creating prefix script '/home/shiman-liang/ros2_ws/src/robot_descriptions/manipulator/AgileX/piper_description/install/local_setup.sh'
[2.004s] INFO:colcon.colcon_core.shell:Creating prefix util module '/home/shiman-liang/ros2_ws/src/robot_descriptions/manipulator/AgileX/piper_description/install/_local_setup_util_sh.py'
[2.004s] INFO:colcon.colcon_core.shell:Creating prefix chain script '/home/shiman-liang/ros2_ws/src/robot_descriptions/manipulator/AgileX/piper_description/install/setup.sh'
[2.006s] INFO:colcon.colcon_core.shell:Creating prefix script '/home/shiman-liang/ros2_ws/src/robot_descriptions/manipulator/AgileX/piper_description/install/local_setup.bash'
[2.006s] INFO:colcon.colcon_core.shell:Creating prefix chain script '/home/shiman-liang/ros2_ws/src/robot_descriptions/manipulator/AgileX/piper_description/install/setup.bash'
[2.007s] INFO:colcon.colcon_core.shell:Creating prefix script '/home/shiman-liang/ros2_ws/src/robot_descriptions/manipulator/AgileX/piper_description/install/local_setup.zsh'
[2.007s] INFO:colcon.colcon_core.shell:Creating prefix chain script '/home/shiman-liang/ros2_ws/src/robot_descriptions/manipulator/AgileX/piper_description/install/setup.zsh'
