-- The C compiler identification is GNU 11.5.0
-- The CXX compiler identification is GNU 11.5.0
-- Detecting C compiler ABI info
-- Detecting C compiler ABI info - done
-- Check for working C compiler: /usr/bin/cc - skipped
-- Detecting C compile features
-- Detecting C compile features - done
-- Detecting CXX compiler ABI info
-- Detecting CXX compiler ABI info - done
-- Check for working CXX compiler: /usr/bin/c++ - skipped
-- Detecting CXX compile features
-- Detecting CXX compile features - done
-- Found ament_cmake: 2.5.5 (/opt/ros/jazzy/share/ament_cmake/cmake)
-- Found Python3: /usr/bin/python3 (found version "3.12.3") found components: Interpreter 
-- Override CMake install command with custom implementation using symlinks instead of copying resources
-- Configuring done (1.0s)
-- Generating done (0.0s)
-- Build files have been written to: /home/shiman-liang/ros2_ws/src/robot_descriptions/manipulator/AgileX/piper_description/build/piper_description
-- Install configuration: ""
-- Execute custom install script
-- Symlinking: /home/shiman-liang/ros2_ws/src/robot_descriptions/manipulator/AgileX/piper_description/install/piper_description/share/piper_description//meshes/base/base_link.glb
-- Symlinking: /home/shiman-liang/ros2_ws/src/robot_descriptions/manipulator/AgileX/piper_description/install/piper_description/share/piper_description//meshes/base/link1.glb
-- Symlinking: /home/shiman-liang/ros2_ws/src/robot_descriptions/manipulator/AgileX/piper_description/install/piper_description/share/piper_description//meshes/base/link2.glb
-- Symlinking: /home/shiman-liang/ros2_ws/src/robot_descriptions/manipulator/AgileX/piper_description/install/piper_description/share/piper_description//meshes/camera_stand/realsense_mid_stand.glb
-- Symlinking: /home/shiman-liang/ros2_ws/src/robot_descriptions/manipulator/AgileX/piper_description/install/piper_description/share/piper_description//meshes/camera_stand/realsense_mid_stand_v2.glb
-- Symlinking: /home/shiman-liang/ros2_ws/src/robot_descriptions/manipulator/AgileX/piper_description/install/piper_description/share/piper_description//meshes/gripper/gripper.obj
-- Symlinking: /home/shiman-liang/ros2_ws/src/robot_descriptions/manipulator/AgileX/piper_description/install/piper_description/share/piper_description//meshes/gripper/gripper_base_100_v2.glb
-- Symlinking: /home/shiman-liang/ros2_ws/src/robot_descriptions/manipulator/AgileX/piper_description/install/piper_description/share/piper_description//meshes/gripper/gripper_base_100_v3.glb
-- Symlinking: /home/shiman-liang/ros2_ws/src/robot_descriptions/manipulator/AgileX/piper_description/install/piper_description/share/piper_description//meshes/gripper/link7.glb
-- Symlinking: /home/shiman-liang/ros2_ws/src/robot_descriptions/manipulator/AgileX/piper_description/install/piper_description/share/piper_description//meshes/gripper/link8.glb
-- Symlinking: /home/shiman-liang/ros2_ws/src/robot_descriptions/manipulator/AgileX/piper_description/install/piper_description/share/piper_description//meshes/piper/gripper_master.obj
-- Symlinking: /home/shiman-liang/ros2_ws/src/robot_descriptions/manipulator/AgileX/piper_description/install/piper_description/share/piper_description//meshes/piper/link2.obj
-- Symlinking: /home/shiman-liang/ros2_ws/src/robot_descriptions/manipulator/AgileX/piper_description/install/piper_description/share/piper_description//meshes/piper/link3.glb
-- Symlinking: /home/shiman-liang/ros2_ws/src/robot_descriptions/manipulator/AgileX/piper_description/install/piper_description/share/piper_description//meshes/piper/link3.obj
-- Symlinking: /home/shiman-liang/ros2_ws/src/robot_descriptions/manipulator/AgileX/piper_description/install/piper_description/share/piper_description//meshes/piper/link4.obj
-- Symlinking: /home/shiman-liang/ros2_ws/src/robot_descriptions/manipulator/AgileX/piper_description/install/piper_description/share/piper_description//meshes/piper/link5.obj
-- Symlinking: /home/shiman-liang/ros2_ws/src/robot_descriptions/manipulator/AgileX/piper_description/install/piper_description/share/piper_description//meshes/piper/link6.obj
-- Symlinking: /home/shiman-liang/ros2_ws/src/robot_descriptions/manipulator/AgileX/piper_description/install/piper_description/share/piper_description//meshes/piper/link6_master.obj
-- Symlinking: /home/shiman-liang/ros2_ws/src/robot_descriptions/manipulator/AgileX/piper_description/install/piper_description/share/piper_description//meshes/piper_l/link2.glb
-- Symlinking: /home/shiman-liang/ros2_ws/src/robot_descriptions/manipulator/AgileX/piper_description/install/piper_description/share/piper_description//meshes/piper_l/link3.glb
-- Symlinking: /home/shiman-liang/ros2_ws/src/robot_descriptions/manipulator/AgileX/piper_description/install/piper_description/share/piper_description//meshes/piper_l/link4.glb
-- Symlinking: /home/shiman-liang/ros2_ws/src/robot_descriptions/manipulator/AgileX/piper_description/install/piper_description/share/piper_description//meshes/piper_l/link5.glb
-- Symlinking: /home/shiman-liang/ros2_ws/src/robot_descriptions/manipulator/AgileX/piper_description/install/piper_description/share/piper_description//meshes/piper_l/link6.glb
-- Symlinking: /home/shiman-liang/ros2_ws/src/robot_descriptions/manipulator/AgileX/piper_description/install/piper_description/share/piper_description//meshes/piper_x/link3.glb
-- Symlinking: /home/shiman-liang/ros2_ws/src/robot_descriptions/manipulator/AgileX/piper_description/install/piper_description/share/piper_description//meshes/piper_x/link4.glb
-- Symlinking: /home/shiman-liang/ros2_ws/src/robot_descriptions/manipulator/AgileX/piper_description/install/piper_description/share/piper_description//meshes/piper_x/link5.glb
-- Symlinking: /home/shiman-liang/ros2_ws/src/robot_descriptions/manipulator/AgileX/piper_description/install/piper_description/share/piper_description//meshes/piper_x/link6.glb
-- Symlinking: /home/shiman-liang/ros2_ws/src/robot_descriptions/manipulator/AgileX/piper_description/install/piper_description/share/piper_description//xacro/Piper.xacro
-- Symlinking: /home/shiman-liang/ros2_ws/src/robot_descriptions/manipulator/AgileX/piper_description/install/piper_description/share/piper_description//xacro/components/camera.xacro
-- Symlinking: /home/shiman-liang/ros2_ws/src/robot_descriptions/manipulator/AgileX/piper_description/install/piper_description/share/piper_description//xacro/components/gripper_l.xacro
-- Symlinking: /home/shiman-liang/ros2_ws/src/robot_descriptions/manipulator/AgileX/piper_description/install/piper_description/share/piper_description//xacro/components/gripper_master.xacro
-- Symlinking: /home/shiman-liang/ros2_ws/src/robot_descriptions/manipulator/AgileX/piper_description/install/piper_description/share/piper_description//xacro/components/gripper_slave.xacro
-- Symlinking: /home/shiman-liang/ros2_ws/src/robot_descriptions/manipulator/AgileX/piper_description/install/piper_description/share/piper_description//xacro/components/gripper_x.xacro
-- Symlinking: /home/shiman-liang/ros2_ws/src/robot_descriptions/manipulator/AgileX/piper_description/install/piper_description/share/piper_description//xacro/gripper.xacro
-- Symlinking: /home/shiman-liang/ros2_ws/src/robot_descriptions/manipulator/AgileX/piper_description/install/piper_description/share/piper_description//xacro/master.xacro
-- Symlinking: /home/shiman-liang/ros2_ws/src/robot_descriptions/manipulator/AgileX/piper_description/install/piper_description/share/piper_description//xacro/piper_arm.xacro
-- Symlinking: /home/shiman-liang/ros2_ws/src/robot_descriptions/manipulator/AgileX/piper_description/install/piper_description/share/piper_description//xacro/piper_l_arm.xacro
-- Symlinking: /home/shiman-liang/ros2_ws/src/robot_descriptions/manipulator/AgileX/piper_description/install/piper_description/share/piper_description//xacro/piper_x_arm.xacro
-- Symlinking: /home/shiman-liang/ros2_ws/src/robot_descriptions/manipulator/AgileX/piper_description/install/piper_description/share/piper_description//xacro/robot.xacro
-- Symlinking: /home/shiman-liang/ros2_ws/src/robot_descriptions/manipulator/AgileX/piper_description/install/piper_description/share/piper_description//xacro/ros2_control/piper.ros2_control.xacro
-- Symlinking: /home/shiman-liang/ros2_ws/src/robot_descriptions/manipulator/AgileX/piper_description/install/piper_description/share/piper_description//xacro/ros2_control/robot.xacro
-- Symlinking: /home/shiman-liang/ros2_ws/src/robot_descriptions/manipulator/AgileX/piper_description/install/piper_description/share/piper_description//xacro/slave.xacro
-- Symlinking: /home/shiman-liang/ros2_ws/src/robot_descriptions/manipulator/AgileX/piper_description/install/piper_description/share/piper_description//config/ocs2/task.info
-- Symlinking: /home/shiman-liang/ros2_ws/src/robot_descriptions/manipulator/AgileX/piper_description/install/piper_description/share/piper_description//config/ros2_control/ros2_controllers.yaml
-- Symlinking: /home/shiman-liang/ros2_ws/src/robot_descriptions/manipulator/AgileX/piper_description/install/piper_description/share/piper_description//urdf/piper.urdf
-- Symlinking: /home/shiman-liang/ros2_ws/src/robot_descriptions/manipulator/AgileX/piper_description/install/piper_description/share/ament_index/resource_index/package_run_dependencies/piper_description
-- Symlinking: /home/shiman-liang/ros2_ws/src/robot_descriptions/manipulator/AgileX/piper_description/install/piper_description/share/ament_index/resource_index/parent_prefix_path/piper_description
-- Symlinking: /home/shiman-liang/ros2_ws/src/robot_descriptions/manipulator/AgileX/piper_description/install/piper_description/share/piper_description/environment/ament_prefix_path.sh
-- Symlinking: /home/shiman-liang/ros2_ws/src/robot_descriptions/manipulator/AgileX/piper_description/install/piper_description/share/piper_description/environment/ament_prefix_path.dsv
-- Symlinking: /home/shiman-liang/ros2_ws/src/robot_descriptions/manipulator/AgileX/piper_description/install/piper_description/share/piper_description/environment/path.sh
-- Symlinking: /home/shiman-liang/ros2_ws/src/robot_descriptions/manipulator/AgileX/piper_description/install/piper_description/share/piper_description/environment/path.dsv
-- Symlinking: /home/shiman-liang/ros2_ws/src/robot_descriptions/manipulator/AgileX/piper_description/install/piper_description/share/piper_description/local_setup.bash
-- Symlinking: /home/shiman-liang/ros2_ws/src/robot_descriptions/manipulator/AgileX/piper_description/install/piper_description/share/piper_description/local_setup.sh
-- Symlinking: /home/shiman-liang/ros2_ws/src/robot_descriptions/manipulator/AgileX/piper_description/install/piper_description/share/piper_description/local_setup.zsh
-- Symlinking: /home/shiman-liang/ros2_ws/src/robot_descriptions/manipulator/AgileX/piper_description/install/piper_description/share/piper_description/local_setup.dsv
-- Symlinking: /home/shiman-liang/ros2_ws/src/robot_descriptions/manipulator/AgileX/piper_description/install/piper_description/share/piper_description/package.dsv
-- Symlinking: /home/shiman-liang/ros2_ws/src/robot_descriptions/manipulator/AgileX/piper_description/install/piper_description/share/ament_index/resource_index/packages/piper_description
-- Symlinking: /home/shiman-liang/ros2_ws/src/robot_descriptions/manipulator/AgileX/piper_description/install/piper_description/share/piper_description/cmake/piper_descriptionConfig.cmake
-- Symlinking: /home/shiman-liang/ros2_ws/src/robot_descriptions/manipulator/AgileX/piper_description/install/piper_description/share/piper_description/cmake/piper_descriptionConfig-version.cmake
-- Symlinking: /home/shiman-liang/ros2_ws/src/robot_descriptions/manipulator/AgileX/piper_description/install/piper_description/share/piper_description/package.xml
